---end scope---
---end scope---
line 11: ambiguous call to overloaded function f
