---end scope---
x INT 0
---end scope---
x INT 0
---end scope---
y BOOL -1
x INT 0
---end scope---
y INT -1
x INT 0
line 10: ambiguous call to overloaded function f
